electronic
rock
indie
pop
female vocalists
punk
experimental
folk
jazz
ambient
hardcore
alternative
Hip-Hop
metal
japanese
House
electronica
black metal
rap
dance
trance
instrumental
techno
death metal
psychedelic
singer-songwriter
hip hop
punk rock
indie rock
soul
german
All
chillout
Progressive rock
hard rock
french
industrial
funk
heavy metal
electro
alternative rock
blues
noise
swedish
Classical
reggae
Soundtrack
thrash metal
indie pop
acoustic
80s
british
post-rock
Drum and bass
minimal
world
post-punk
new wave
finnish
metalcore
russian
j-pop
idm
downtempo
hardcore punk
country
american
synthpop
Canadian
Progressive metal
polish
60s
piano
psytrance
doom metal
italian
ska
spanish
lounge
Psychedelic Rock
dubstep
dark ambient
emo
grindcore
australian
dub
christian
Disco
trip-hop
latin
90s
male vocalists
post-hardcore
classic rock
guitar
rockabilly
drone
Avant-Garde
Power metal
pop punk
Garage Rock
underground hip-hop
rnb
composer
Progressive
brazilian
shoegaze
Lo-Fi
ebm
Melodic Death Metal
under 2000 listeners
Stoner Rock
70s
deep house
norwegian
blues rock
progressive trance
power pop
Brutal Death Metal
oldies
dutch
tech house
celtic
J-rock
comedy
screamo
contemporary classical
new age
Sludge
Fusion
Gothic
USA
minimal techno
anime
female vocalist
lesser known yet streamable artists
video game music
americana
Progressive House
folk rock
eurodance
darkwave
Crust
JPop
8-bit
deutsch
noise rock
garage
Drum n Bass
dnb
african
Gothic Metal
Gothic Rock
pop rock
World Music
UK
brasil
electropop
Female fronted metal
melodic hardcore
Rock and Roll
irish
breakbeat
Alt-country
glitch
nu jazz
Korean
easy listening
jungle
goa
deathcore
breakcore
dream pop
Surf
gospel
psychedelic trance
Oi
danish
Grunge
New Zealand
chiptune
dancehall
stoner
female
Nu Metal
Gabber
speed metal
bass
vocal
ska punk
swing
Technical Death Metal
math rock
chill
brazil
Czech
Rave
raw black metal
darkpsy
free jazz
germany
Greek
psychobilly
belgian
folk metal
acid jazz
club
alternative metal
atmospheric black metal
depressive black metal
turkish
Eurovision
dark electro
rhythm and blues
spoken word
street punk
japan
visual kei
bluegrass
hungarian
baroque
saxophone
Scottish
industrial metal
underground rap
doo wop
argentina
Acid
neofolk
Belgium
estonian
space rock
happy hardcore
chinese
goth
hardstyle
breaks
AOR
twee
old school death metal
atmospheric
medieval
symphonic metal
Italo Disco
Grime
traditional
mpb
electro house
france
RAC
new york
rock n roll
Doom
mashup
Smooth Jazz
stoner metal
powerviolence
canada
rapcore
crossover
Post-Metal
krautrock
melodic
chanson
ethnic
r&b
minimal synth
africa
political
uplifting trance
melodic black metal
Straight Edge
Schlager
thrash
k-pop
salsa
northern soul
Asian
eurobeat
Bossa Nova
old school
portuguese
early music
christian rock
Hard Trance
swiss
progressive death metal
goregrind
melodic rock
mexico
arabic
spain
coldwave
Sweden
pagan metal
opera
ethereal
chanson francaise
contemporary jazz
neoclassical
anarcho-punk
Indian
britpop
melodic metal
electroacoustic
liquid funk
chicago
funky
touhou
50s
Ukrainian
Symphonic Black Metal
Southern Rock
austrian
nsbm
detroit
neurofunk
worship
Post punk
instrumental hip-hop
roots
Portugal
Italy
surf rock
hardcore techno
Nederlandstalig
00s
rocksteady
synth
Need to Rate
beats
jazz fusion
composers
underground
glam rock
renaissance
power electronics
industrial rock
Gangsta Rap
Blackened Death Metal
Skinhead
vocal trance
roots reggae
skate punk
tango
emocore
scandinavian
avantgarde
poetry
Flamenco
psychill
vocal jazz
violin
mathcore
game
NWOBHM
south african
sludge metal
Rhythmic Noise
Garage Punk
israeli
doujin ongaku
indonesian
funny
indie folk
humour
Awesome
musical
minimal wave
Goa Trance
chile
latvian
deathrock
Big Band
Romanian
creative commons
Eesti
remix
samba
classic
soft rock
afrobeat
netlabel
horror punk
texas
Electroclash
speedcore
Old school Hardcore
hair metal
art rock
viking metal
Gypsy
Neo-Soul
deutschpunk
futurepop
english
dark
groove metal
indonesia
Pop-punk
Norway
male vocalist
groove
sexy
New Orleans
jamendo
Death Doom Metal
Colombia
electro-industrial
abstract
lithuanian
trumpet
OC ReMix
Deutschrap
Berlin
mod
check this out
humor
Nu-metal
australia
a cappella
powernoise
Reggaeton
martial industrial
romantic
Mellow
Jazz Rock
chillwave
Love
cabaret
ragga
guitar virtuoso
folk punk
jazz piano
dub techno
Kpop
hebrew
tribal
California
slovak
icelandic
cover
drums
turntablism
croatian
male
thrashcore
seattle
russian rock
music
jrock
balkan
Minnesota
idol
england
seiyuu
mexican
klezmer
cuba
orchestral
deathgrind
female vocals
bulgarian
choral
funeral doom
ambient black metal
d-beat
Israel
jewish
indietronica
Retro
jamaica
cumbia
dixieland
Suicidal Black Metal
netherlands
free improvisation
Game Music
melodic punk
Female Voices
post-grunge
progressive psytrance
freestyle
Pop-Rock
psychedelic folk
Experimental Rock
Scandinavian Girls
vocaloid
funeral doom metal
cello
gay
harsh noise
finland
Austria
jazz vocal
beautiful
UK Garage
Disney
DJENT
female vocal
london
jumpstyle
flute
modern rock
dj
Harsh EBM
percussion
doujin
techstep
full-on
modern classical
nu disco
french rap
favorites
melodic trance
pagan black metal
taiwan
native american
Irish Folk
heavy
Glam Metal
world fusion
noisecore
hard techno
urban
emo violence
latin jazz
abstract hip-hop
dark folk
detroit techno
everything
G-funk
Bemani
ost
skinhead reggae
Swedish Punk
west coast
Grind
choir
crust punk
quebec
switzerland
boston
German Black Metal
singer
download
acid house
melodic metalcore
uk Hardcore
caribbean
Ballad
demoscene
5432fun
Slamming Brutal Death Metal
Discoverockult
Bhangra
serbian
underground hip hop
noise pop
Traditional Doom Metal
C-pop
fiddle
fun
organ
musicals
podcast
songwriter
rap francais
classical guitar
hands up
christmas
no wave
instrumental rock
sax
chaotic hardcore
Jazz Hop
video game
gammarec
deep
atmospheric drum and bass
United States
Contemporary
trap
witch house
neo-rockabilly
contemporary christian
cuban
south africa
bebop
party
relaxing
60s garage
USBM
harp
Soundtracks
improvisation
symphonic prog
Broadway
melancholic
80's
svenskt
francophone
glam
cool
game remixes
thai
Dark metal
Chanson Française
nyhc
math metal
stoner doom
volksmusik
spanish indie pop
vocal house
Avant-garde Metal
darkstep
Hawaiian
Kiwi
industrial hardcore
dark psytrance
Spanish Rock
slovenian
blackened thrash metal
field recordings
Eurovision Song Contest
epic metal
indian classical
Progressive Metalcore
french black metal
liedermacher
catalan
Suomi
austin
denmark
calypso
motown
harmonica
skacore
ddr
country rock
italian progressive rock
funky house
drone ambient
Dirty South
stand-up
old school thrash metal
NDW
acoustic guitar
Punjabi
minimalism
Hindi
C64
Uplifting
jazz guitar
Audiobook
West Coast Rap
real screamo
soundscape
harmonica blues
epic
soca
under 100 listeners
italo
beatdown
trojan
exotica
beat
groovy
nordic
Darkcore
Field Recording
Deutsche Schlager
Hard Bop
Jam
Meditation
slowcore
acid techno
melbourne
score
youth crew
belarus
space
library music
30s
digital hardcore
Post-Black Metal
Belarusian
drum'n'bass
cajun
india
desi
latino
bollywood
Rock Argentino
venezuela
fado
praise and worship
Avant-Prog
quebecois
latin pop
OPM
What Shall We Do Without Us
enka
freak folk
video game remixes
christian metal
Peru
riot grrrl
classical piano
psychedelic pop
san francisco
ritual ambient
catala
psych
apocalyptic folk
Avant-Garde Jazz
Library
Horrorcore
ninja tune
Turkish Pop
russian rap
dansk
orchestra
prog
queer
francais
Persian
accordion
kgrl
east coast rap
nigeria
banjo
delta blues
Aussie Hip-Hop
schranz
Aussie
Iranian
20th Century Classical
Dreamy
ireland
60's
ye-ye
goth rock
los angeles
LDS
Girl Groups
j-core
UK hip-hop
rock'n'roll
taiwanese
Deutschrock
Post-Bop
frenchcore
oldschool hardcore
classic country
portland
spanish hip-hop
minimal electronic
death industrial